ERROR:root:error
ERROR:root:error
INFO:__main__:form main
INFO:__main__:form main password = "test"
